
> frontend@0.1.0 build
> next build

Γû▓ Next.js 16.1.1 (Turbopack)

  Creating an optimized production build ...
Γ£ô Compiled successfully in 3.5s
  Running TypeScript ...
node.exe : Failed to 
compile.
At line:1 char:1
+ & "C:\Program Files
\nodejs/node.exe" 
"C:\Program 
Files\nodejs/node_mo 
...
+ ~~~~~~~~~~~~~~~~~~~
~~~~~~~~~~~~~~~~~~~~~
~~~~~~~~~~~~~~~~~~~~~
~~~~~~~~
    + CategoryInfo   
           : NotSpe  
  cified: (Failed    
 to compile.:Stri    
ng) [], RemoteEx    
ception
    + FullyQualified 
   ErrorId : Native  
  CommandError
 

./src/components/ui/I
nput.tsx:7:18
Type error: 
Interface 
'InputProps' 
incorrectly extends 
interface 'InputHTMLA
ttributes<HTMLInputEl
ement>'.
  Types of property 
'size' are 
incompatible.
    Type '"sm" | 
"md" | "lg" | 
undefined' is not 
assignable to type 
'number | undefined'.
      Type 'string' 
is not assignable to 
type 'number'.

[0m [90m  5 |[39m 
[36mimport[39m { 
twMerge } 
[36mfrom[39m [32m'
tailwind-merge'[39m
[33m;[39m
 [90m  6 |[39m
[31m[1m>[22m[39m
[90m  7 |[39m 
[36mexport[39m 
[36minterface[39m 
[33mInputProps[39m 
[36mextends[39m [3
3mInputHTMLAttributes
[39m[33m<[39m[33m
HTMLInputElement[39m
[33m>[39m {
 [90m    |[39m     
             
[31m[1m^[22m[39m
 [90m  8 |[39m     
label[33m?[39m[33m
:[39m 
string[33m;[39m
 [90m  9 |[39m     
error[33m?[39m[33m
:[39m 
string[33m;[39m
 [90m 10 |[39m     
helperText[33m?[39m
[33m:[39m 
string[33m;[39m[0m
Next.js build worker 
exited with code: 1 
and signal: null
